Archive member included to satisfy reference by file (symbol)

C:/ST/STM32CubeIDE_1.13.1/STM32CubeIDE/plugins/com.st.stm32cube.ide.mcu.externaltools.gnu-tools-for-stm32.11.3.rel1.win32_1.1.0.202305231506/tools/bin/../lib/gcc/arm-none-eabi/11.3.1/../../../../arm-none-eabi/lib/thumb/v7e-m+fp/hard\libc_nano.a(libc_a-exit.o)
                              C:/ST/STM32CubeIDE_1.13.1/STM32CubeIDE/plugins/com.st.stm32cube.ide.mcu.externaltools.gnu-tools-for-stm32.11.3.rel1.win32_1.1.0.202305231506/tools/bin/../lib/gcc/arm-none-eabi/11.3.1/../../../../arm-none-eabi/lib/thumb/v7e-m+fp/hard/crt0.o (exit)
C:/ST/STM32CubeIDE_1.13.1/STM32CubeIDE/plugins/com.st.stm32cube.ide.mcu.externaltools.gnu-tools-for-stm32.11.3.rel1.win32_1.1.0.202305231506/tools/bin/../lib/gcc/arm-none-eabi/11.3.1/../../../../arm-none-eabi/lib/thumb/v7e-m+fp/hard\libc_nano.a(libc_a-findfp.o)
                              C:/ST/STM32CubeIDE_1.13.1/STM32CubeIDE/plugins/com.st.stm32cube.ide.mcu.externaltools.gnu-tools-for-stm32.11.3.rel1.win32_1.1.0.202305231506/tools/bin/../lib/gcc/arm-none-eabi/11.3.1/../../../../arm-none-eabi/lib/thumb/v7e-m+fp/hard\libc_nano.a(libc_a-exit.o) (__stdio_exit_handler)
C:/ST/STM32CubeIDE_1.13.1/STM32CubeIDE/plugins/com.st.stm32cube.ide.mcu.externaltools.gnu-tools-for-stm32.11.3.rel1.win32_1.1.0.202305231506/tools/bin/../lib/gcc/arm-none-eabi/11.3.1/../../../../arm-none-eabi/lib/thumb/v7e-m+fp/hard\libc_nano.a(libc_a-fwalk.o)
                              C:/ST/STM32CubeIDE_1.13.1/STM32CubeIDE/plugins/com.st.stm32cube.ide.mcu.externaltools.gnu-tools-for-stm32.11.3.rel1.win32_1.1.0.202305231506/tools/bin/../lib/gcc/arm-none-eabi/11.3.1/../../../../arm-none-eabi/lib/thumb/v7e-m+fp/hard\libc_nano.a(libc_a-findfp.o) (_fwalk_sglue)
C:/ST/STM32CubeIDE_1.13.1/STM32CubeIDE/plugins/com.st.stm32cube.ide.mcu.externaltools.gnu-tools-for-stm32.11.3.rel1.win32_1.1.0.202305231506/tools/bin/../lib/gcc/arm-none-eabi/11.3.1/../../../../arm-none-eabi/lib/thumb/v7e-m+fp/hard\libc_nano.a(libc_a-stdio.o)
                              C:/ST/STM32CubeIDE_1.13.1/STM32CubeIDE/plugins/com.st.stm32cube.ide.mcu.externaltools.gnu-tools-for-stm32.11.3.rel1.win32_1.1.0.202305231506/tools/bin/../lib/gcc/arm-none-eabi/11.3.1/../../../../arm-none-eabi/lib/thumb/v7e-m+fp/hard\libc_nano.a(libc_a-findfp.o) (__sread)
C:/ST/STM32CubeIDE_1.13.1/STM32CubeIDE/plugins/com.st.stm32cube.ide.mcu.externaltools.gnu-tools-for-stm32.11.3.rel1.win32_1.1.0.202305231506/tools/bin/../lib/gcc/arm-none-eabi/11.3.1/../../../../arm-none-eabi/lib/thumb/v7e-m+fp/hard\libc_nano.a(libc_a-memset.o)
                              C:/ST/STM32CubeIDE_1.13.1/STM32CubeIDE/plugins/com.st.stm32cube.ide.mcu.externaltools.gnu-tools-for-stm32.11.3.rel1.win32_1.1.0.202305231506/tools/bin/../lib/gcc/arm-none-eabi/11.3.1/../../../../arm-none-eabi/lib/thumb/v7e-m+fp/hard/crt0.o (memset)
C:/ST/STM32CubeIDE_1.13.1/STM32CubeIDE/plugins/com.st.stm32cube.ide.mcu.externaltools.gnu-tools-for-stm32.11.3.rel1.win32_1.1.0.202305231506/tools/bin/../lib/gcc/arm-none-eabi/11.3.1/../../../../arm-none-eabi/lib/thumb/v7e-m+fp/hard\libc_nano.a(libc_a-closer.o)
                              C:/ST/STM32CubeIDE_1.13.1/STM32CubeIDE/plugins/com.st.stm32cube.ide.mcu.externaltools.gnu-tools-for-stm32.11.3.rel1.win32_1.1.0.202305231506/tools/bin/../lib/gcc/arm-none-eabi/11.3.1/../../../../arm-none-eabi/lib/thumb/v7e-m+fp/hard\libc_nano.a(libc_a-stdio.o) (_close_r)
C:/ST/STM32CubeIDE_1.13.1/STM32CubeIDE/plugins/com.st.stm32cube.ide.mcu.externaltools.gnu-tools-for-stm32.11.3.rel1.win32_1.1.0.202305231506/tools/bin/../lib/gcc/arm-none-eabi/11.3.1/../../../../arm-none-eabi/lib/thumb/v7e-m+fp/hard\libc_nano.a(libc_a-reent.o)
                              C:/ST/STM32CubeIDE_1.13.1/STM32CubeIDE/plugins/com.st.stm32cube.ide.mcu.externaltools.gnu-tools-for-stm32.11.3.rel1.win32_1.1.0.202305231506/tools/bin/../lib/gcc/arm-none-eabi/11.3.1/../../../../arm-none-eabi/lib/thumb/v7e-m+fp/hard\libc_nano.a(libc_a-closer.o) (errno)
C:/ST/STM32CubeIDE_1.13.1/STM32CubeIDE/plugins/com.st.stm32cube.ide.mcu.externaltools.gnu-tools-for-stm32.11.3.rel1.win32_1.1.0.202305231506/tools/bin/../lib/gcc/arm-none-eabi/11.3.1/../../../../arm-none-eabi/lib/thumb/v7e-m+fp/hard\libc_nano.a(libc_a-impure.o)
                              C:/ST/STM32CubeIDE_1.13.1/STM32CubeIDE/plugins/com.st.stm32cube.ide.mcu.externaltools.gnu-tools-for-stm32.11.3.rel1.win32_1.1.0.202305231506/tools/bin/../lib/gcc/arm-none-eabi/11.3.1/../../../../arm-none-eabi/lib/thumb/v7e-m+fp/hard\libc_nano.a(libc_a-reent.o) (_impure_ptr)
C:/ST/STM32CubeIDE_1.13.1/STM32CubeIDE/plugins/com.st.stm32cube.ide.mcu.externaltools.gnu-tools-for-stm32.11.3.rel1.win32_1.1.0.202305231506/tools/bin/../lib/gcc/arm-none-eabi/11.3.1/../../../../arm-none-eabi/lib/thumb/v7e-m+fp/hard\libc_nano.a(libc_a-lseekr.o)
[...]
Memory Configuration

Name             Origin             Length             Attributes
FLASH            0x0000000008100000 0x0000000000100000 xr
RAM              0x0000000010000000 0x0000000000048000 xrw
*default*        0x0000000000000000 0xffffffffffffffff

Linker script and memory map

LOAD C:/ST/STM32CubeIDE_1.13.1/STM32CubeIDE/plugins/com.st.stm32cube.ide.mcu.externaltools.gnu-tools-for-stm32.11.3.rel1.win32_1.1.0.202305231506/tools/bin/../lib/gcc/arm-none-eabi/11.3.1/thumb/v7e-m+fp/hard/crti.o
LOAD C:/ST/STM32CubeIDE_1.13.1/STM32CubeIDE/plugins/com.st.stm32cube.ide.mcu.externaltools.gnu-tools-for-stm32.11.3.rel1.win32_1.1.0.202305231506/tools/bin/../lib/gcc/arm-none-eabi/11.3.1/thumb/v7e-m+fp/hard/crtbegin.o
LOAD C:/ST/STM32CubeIDE_1.13.1/STM32CubeIDE/plugins/com.st.stm32cube.ide.mcu.externaltools.gnu-tools-for-stm32.11.3.rel1.win32_1.1.0.202305231506/tools/bin/../lib/gcc/arm-none-eabi/11.3.1/../../../../arm-none-eabi/lib/thumb/v7e-m+fp/hard/crt0.o
LOAD ./Application/User/Core/main.o
LOAD ./Application/User/Core/mdma.o
LOAD ./Application/User/Core/stm32h7xx_hal_msp.o
LOAD ./Application/User/Core/stm32h7xx_it.o
LOAD ./Application/User/Core/syscalls.o
LOAD ./Application/User/Core/sysmem.o
LOAD ./Application/User/Startup/startup_stm32h747xihx.o
LOAD ./Drivers/CMSIS/system_stm32h7xx_dualcore_boot_cm4_cm7.o
LOAD ./Drivers/STM32H7xx_HAL_Driver/stm32h7xx_hal.o
LOAD ./Drivers/STM32H7xx_HAL_Driver/stm32h7xx_hal_cortex.o
LOAD ./Drivers/STM32H7xx_HAL_Driver/stm32h7xx_hal_dma.o
LOAD ./Drivers/STM32H7xx_HAL_Driver/stm32h7xx_hal_dma_ex.o
LOAD ./Drivers/STM32H7xx_HAL_Driver/stm32h7xx_hal_exti.o
LOAD ./Drivers/STM32H7xx_HAL_Driver/stm32h7xx_hal_flash.o
LOAD ./Drivers/STM32H7xx_HAL_Driver/stm32h7xx_hal_flash_ex.o
LOAD ./Drivers/STM32H7xx_HAL_Driver/stm32h7xx_hal_gpio.o
LOAD ./Drivers/STM32H7xx_HAL_Driver/stm32h7xx_hal_hsem.o
LOAD ./Drivers/STM32H7xx_HAL_Driver/stm32h7xx_hal_i2c.o
LOAD ./Drivers/STM32H7xx_HAL_Driver/stm32h7xx_hal_i2c_ex.o
LOAD ./Drivers/STM32H7xx_HAL_Driver/stm32h7xx_hal_mdma.o
LOAD ./Drivers/STM32H7xx_HAL_Driver/stm32h7xx_hal_pwr.o
LOAD ./Drivers/STM32H7xx_HAL_Driver/stm32h7xx_hal_pwr_ex.o
LOAD ./Drivers/STM32H7xx_HAL_Driver/stm32h7xx_hal_rcc.o
LOAD ./Drivers/STM32H7xx_HAL_Driver/stm32h7xx_hal_rcc_ex.o
LOAD ./Drivers/STM32H7xx_HAL_Driver/stm32h7xx_hal_tim.o
LOAD ./Drivers/STM32H7xx_HAL_Driver/stm32h7xx_hal_tim_ex.o
START GROUP
LOAD C:/ST/STM32CubeIDE_1.13.1/STM32CubeIDE/plugins/com.st.stm32cube.ide.mcu.externaltools.gnu-tools-for-stm32.11.3.rel1.win32_1.1.0.202305231506/tools/bin/../lib/gcc/arm-none-eabi/11.3.1/../../../../arm-none-eabi/lib/thumb/v7e-m+fp/hard\libstdc++_nano.a
LOAD C:/ST/STM32CubeIDE_1.13.1/STM32CubeIDE/plugins/com.st.stm32cube.ide.mcu.externaltools.gnu-tools-for-stm32.11.3.rel1.win32_1.1.0.202305231506/tools/bin/../lib/gcc/arm-none-eabi/11.3.1/../../../../arm-none-eabi/lib/thumb/v7e-m+fp/hard\libsupc++_nano.a
END GROUP
LOAD C:/ST/STM32CubeIDE_1.13.1/STM32CubeIDE/plugins/com.st.stm32cube.ide.mcu.externaltools.gnu-tools-for-stm32.11.3.rel1.win32_1.1.0.202305231506/tools/bin/../lib/gcc/arm-none-eabi/11.3.1/../../../../arm-none-eabi/lib/thumb/v7e-m+fp/hard\libstdc++_nano.a
LOAD C:/ST/STM32CubeIDE_1.13.1/STM32CubeIDE/plugins/com.st.stm32cube.ide.mcu.externaltools.gnu-tools-for-stm32.11.3.rel1.win32_1.1.0.202305231506/tools/bin/../lib/gcc/arm-none-eabi/11.3.1/../../../../arm-none-eabi/lib/thumb/v7e-m+fp/hard\libm.a
LOAD C:/ST/STM32CubeIDE_1.13.1/STM32CubeIDE/plugins/com.st.stm32cube.ide.mcu.externaltools.gnu-tools-for-stm32.11.3.rel1.win32_1.1.0.202305231506/tools/bin/../lib/gcc/arm-none-eabi/11.3.1/../../../../arm-none-eabi/lib/thumb/v7e-m+fp/hard\libc_nano.a
START GROUP
LOAD C:/ST/STM32CubeIDE_1.13.1/STM32CubeIDE/plugins/com.st.stm32cube.ide.mcu.externaltools.gnu-tools-for-stm32.11.3.rel1.win32_1.1.0.202305231506/tools/bin/../lib/gcc/arm-none-eabi/11.3.1/thumb/v7e-m+fp/hard\libgcc.a
LOAD C:/ST/STM32CubeIDE_1.13.1/STM32CubeIDE/plugins/com.st.stm32cube.ide.mcu.externaltools.gnu-tools-for-stm32.11.3.rel1.win32_1.1.0.202305231506/tools/bin/../lib/gcc/arm-none-eabi/11.3.1/../../../../arm-none-eabi/lib/thumb/v7e-m+fp/hard\libc_nano.a
END GROUP
START GROUP
LOAD C:/ST/STM32CubeIDE_1.13.1/STM32CubeIDE/plugins/com.st.stm32cube.ide.mcu.externaltools.gnu-tools-for-stm32.11.3.rel1.win32_1.1.0.202305231506/tools/bin/../lib/gcc/arm-none-eabi/11.3.1/thumb/v7e-m+fp/hard\libgcc.a
LOAD C:/ST/STM32CubeIDE_1.13.1/STM32CubeIDE/plugins/com.st.stm32cube.ide.mcu.externaltools.gnu-tools-for-stm32.11.3.rel1.win32_1.1.0.202305231506/tools/bin/../lib/gcc/arm-none-eabi/11.3.1/../../../../arm-none-eabi/lib/thumb/v7e-m+fp/hard\libc_nano.a
LOAD C:/ST/STM32CubeIDE_1.13.1/STM32CubeIDE/plugins/com.st.stm32cube.ide.mcu.externaltools.gnu-tools-for-stm32.11.3.rel1.win32_1.1.0.202305231506/tools/bin/../lib/gcc/arm-none-eabi/11.3.1/../../../../arm-none-eabi/lib/thumb/v7e-m+fp/hard\libnosys.a
END GROUP
START GROUP
LOAD C:/ST/STM32CubeIDE_1.13.1/STM32CubeIDE/plugins/com.st.stm32cube.ide.mcu.externaltools.gnu-tools-for-stm32.11.3.rel1.win32_1.1.0.202305231506/tools/bin/../lib/gcc/arm-none-eabi/11.3.1/thumb/v7e-m+fp/hard\libgcc.a
LOAD C:/ST/STM32CubeIDE_1.13.1/STM32CubeIDE/plugins/com.st.stm32cube.ide.mcu.externaltools.gnu-tools-for-stm32.11.3.rel1.win32_1.1.0.202305231506/tools/bin/../lib/gcc/arm-none-eabi/11.3.1/../../../../arm-none-eabi/lib/thumb/v7e-m+fp/hard\libc_nano.a
LOAD C:/ST/STM32CubeIDE_1.13.1/STM32CubeIDE/plugins/com.st.stm32cube.ide.mcu.externaltools.gnu-tools-for-stm32.11.3.rel1.win32_1.1.0.202305231506/tools/bin/../lib/gcc/arm-none-eabi/11.3.1/../../../../arm-none-eabi/lib/thumb/v7e-m+fp/hard\libnosys.a
END GROUP
LOAD C:/ST/STM32CubeIDE_1.13.1/STM32CubeIDE/plugins/com.st.stm32cube.ide.mcu.externaltools.gnu-tools-for-stm32.11.3.rel1.win32_1.1.0.202305231506/tools/bin/../lib/gcc/arm-none-eabi/11.3.1/thumb/v7e-m+fp/hard/crtend.o
LOAD C:/ST/STM32CubeIDE_1.13.1/STM32CubeIDE/plugins/com.st.stm32cube.ide.mcu.externaltools.gnu-tools-for-stm32.11.3.rel1.win32_1.1.0.202305231506/tools/bin/../lib/gcc/arm-none-eabi/11.3.1/thumb/v7e-m+fp/hard/crtn.o
                0x0000000010048000                _estack = (ORIGIN (RAM) + LENGTH (RAM))
                0x0000000000000100                _Min_Heap_Size = 0x100
                0x0000000000000100                _Min_Stack_Size = 0x100

.isr_vector     0x0000000008100000      0x298
                0x0000000008100000                . = ALIGN (0x4)
 *(.isr_vector)
 .isr_vector    0x0000000008100000      0x298 ./Application/User/Startup/startup_stm32h747xihx.o
                0x0000000008100000                g_pfnVectors
                0x0000000008100298                . = ALIGN (0x4)

.text           0x0000000008100298      0xa90
                0x0000000008100298                . = ALIGN (0x4)
 *(.text)
 .text          0x0000000008100298       0x40 C:/ST/STM32CubeIDE_1.13.1/STM32CubeIDE/plugins/com.st.stm32cube.ide.mcu.externaltools.gnu-tools-for-stm32.11.3.rel1.win32_1.1.0.202305231506/tools/bin/../lib/gcc/arm-none-eabi/11.3.1/thumb/v7e-m+fp/hard/crtbegin.o
 *(.text*)
 .text.main     0x00000000081002d8       0x80 ./Application/User/Core/main.o
                0x00000000081002d8                main
 .text.MX_MDMA_Init
                0x0000000008100358       0x34 ./Application/User/Core/mdma.o
                0x0000000008100358                MX_MDMA_Init
 .text.HAL_MspInit
                0x000000000810038c       0x50 ./Application/User/Core/stm32h7xx_hal_msp.o
                0x000000000810038c                HAL_MspInit
 .text.NMI_Handler
                0x00000000081003dc        0x6 ./Application/User/Core/stm32h7xx_it.o
                0x00000000081003dc                NMI_Handler
 .text.HardFault_Handler
                0x00000000081003e2        0x6 ./Application/User/Core/stm32h7xx_it.o
                0x00000000081003e2                HardFault_Handler
 .text.MemManage_Handler
                0x00000000081003e8        0x6 ./Application/User/Core/stm32h7xx_it.o
                0x00000000081003e8                MemManage_Handler
 .text.BusFault_Handler
                0x00000000081003ee        0x6 ./Application/User/Core/stm32h7xx_it.o
                0x00000000081003ee                BusFault_Handler
 .text.UsageFault_Handler
                0x00000000081003f4        0x6 ./Application/User/Core/stm32h7xx_it.o
                0x00000000081003f4                UsageFault_Handler
 .text.SVC_Handler
                0x00000000081003fa        0xe ./Application/User/Core/stm32h7xx_it.o
                0x00000000081003fa                SVC_Handler
 .text.DebugMon_Handler
                0x0000000008100408        0xe ./Application/User/Core/stm32h7xx_it.o
                0x0000000008100408                DebugMon_Handler
 .text.PendSV_Handler
                0x0000000008100416        0xe ./Application/User/Core/stm32h7xx_it.o
                0x0000000008100416                PendSV_Handler
 .text.SysTick_Handler
                0x0000000008100424        0xc ./Application/User/Core/stm32h7xx_it.o
                0x0000000008100424                SysTick_Handler
 .text.Reset_Handler
                0x0000000008100430       0x50 ./Application/User/Startup/startup_stm32h747xihx.o
                0x0000000008100430                Reset_Handler
 .text.Default_Handler
                0x0000000008100480        0x2 ./Application/User/Startup/startup_stm32h747xihx.o
                0x0000000008100480                RTC_Alarm_IRQHandler
                0x0000000008100480                EXTI2_IRQHandler
                0x0000000008100480                TIM8_CC_IRQHandler
                0x0000000008100480                HRTIM1_Master_IRQHandler
                0x0000000008100480                UART8_IRQHandler
                0x0000000008100480                SPI4_IRQHandler
                0x0000000008100480                TIM1_CC_IRQHandler
                0x0000000008100480                BDMA_Channel6_IRQHandler
                0x0000000008100480                DMA2_Stream5_IRQHandler
                0x0000000008100480                HRTIM1_FLT_IRQHandler
                0x0000000008100480                JPEG_IRQHandler
                0x0000000008100480                DMA1_Stream5_IRQHandler
                0x0000000008100480                BDMA_Channel1_IRQHandler
                0x0000000008100480                HRTIM1_TIMD_IRQHandler
                0x0000000008100480                TAMP_STAMP_IRQHandler
                0x0000000008100480                EXTI3_IRQHandler
                0x0000000008100480                LPTIM4_IRQHandler
                0x0000000008100480                TIM8_TRG_COM_TIM14_IRQHandler
                0x0000000008100480                LPTIM2_IRQHandler
                0x0000000008100480                DFSDM1_FLT1_IRQHandler
                0x0000000008100480                DMAMUX2_OVR_IRQHandler
                0x0000000008100480                TIM8_UP_TIM13_IRQHandler
                0x0000000008100480                I2C3_ER_IRQHandler
                0x0000000008100480                DFSDM1_FLT2_IRQHandler
                0x0000000008100480                MDMA_IRQHandler
                0x0000000008100480                LPTIM3_IRQHandler
                0x0000000008100480                HSEM1_IRQHandler
                0x0000000008100480                EXTI0_IRQHandler
                0x0000000008100480                I2C2_EV_IRQHandler
                0x0000000008100480                DMA1_Stream2_IRQHandler
                0x0000000008100480                FPU_IRQHandler
                0x0000000008100480                OTG_HS_WKUP_IRQHandler
                0x0000000008100480                FDCAN1_IT1_IRQHandler
                0x0000000008100480                LTDC_ER_IRQHandler
                0x0000000008100480                DMA2_Stream2_IRQHandler
                0x0000000008100480                HRTIM1_TIME_IRQHandler
                0x0000000008100480                SPI1_IRQHandler
                0x0000000008100480                TIM6_DAC_IRQHandler
                0x0000000008100480                DCMI_IRQHandler
                0x0000000008100480                HRTIM1_TIMC_IRQHandler
                0x0000000008100480                DMA2_Stream3_IRQHandler
                0x0000000008100480                SAI2_IRQHandler
                0x0000000008100480                DFSDM1_FLT3_IRQHandler
                0x0000000008100480                USART6_IRQHandler
                0x0000000008100480                TIM17_IRQHandler
                0x0000000008100480                USART3_IRQHandler
                0x0000000008100480                BDMA_Channel7_IRQHandler
                0x0000000008100480                LPTIM5_IRQHandler
                0x0000000008100480                UART5_IRQHandler
                0x0000000008100480                ADC3_IRQHandler
                0x0000000008100480                DMA2_Stream0_IRQHandler
                0x0000000008100480                TIM4_IRQHandler
                0x0000000008100480                BDMA_Channel2_IRQHandler
                0x0000000008100480                QUADSPI_IRQHandler
                0x0000000008100480                I2C1_EV_IRQHandler
                0x0000000008100480                DMA1_Stream6_IRQHandler
                0x0000000008100480                DMAMUX1_OVR_IRQHandler
                0x0000000008100480                DMA1_Stream1_IRQHandler
                0x0000000008100480                TIM16_IRQHandler
                0x0000000008100480                UART4_IRQHandler
                0x0000000008100480                BDMA_Channel5_IRQHandler
                0x0000000008100480                TIM3_IRQHandler
                0x0000000008100480                RCC_IRQHandler
                0x0000000008100480                TIM8_BRK_TIM12_IRQHandler
                0x0000000008100480                TIM1_TRG_COM_IRQHandler
                0x0000000008100480                Default_Handler
                0x0000000008100480                ECC_IRQHandler
                0x0000000008100480                CEC_IRQHandler
                0x0000000008100480                EXTI15_10_IRQHandler
                0x0000000008100480                BDMA_Channel0_IRQHandler
                0x0000000008100480                ADC_IRQHandler
                0x0000000008100480                DMA1_Stream7_IRQHandler
                0x0000000008100480                HRTIM1_TIMA_IRQHandler
                0x0000000008100480                SPI5_IRQHandler
                0x0000000008100480                TIM7_IRQHandler
                0x0000000008100480                SDMMC1_IRQHandler
                0x0000000008100480                TIM5_IRQHandler
                0x0000000008100480                DMA2_Stream7_IRQHandler
                0x0000000008100480                TIM15_IRQHandler
                0x0000000008100480                PVD_AVD_IRQHandler
                0x0000000008100480                I2C3_EV_IRQHandler
                0x0000000008100480                EXTI9_5_IRQHandler
                0x0000000008100480                RTC_WKUP_IRQHandler
                0x0000000008100480                LTDC_IRQHandler
                0x0000000008100480                SAI3_IRQHandler
                0x0000000008100480                ETH_WKUP_IRQHandler
                0x0000000008100480                SPDIF_RX_IRQHandler
                0x0000000008100480                SPI2_IRQHandler
                0x0000000008100480                OTG_HS_EP1_IN_IRQHandler
                0x0000000008100480                DMA1_Stream0_IRQHandler
                0x0000000008100480                CRS_IRQHandler
                0x0000000008100480                CM7_SEV_IRQHandler
                0x0000000008100480                EXTI4_IRQHandler
                0x0000000008100480                RNG_IRQHandler
                0x0000000008100480                CM4_SEV_IRQHandler
                0x0000000008100480                HRTIM1_TIMB_IRQHandler
                0x0000000008100480                FDCAN2_IT1_IRQHandler
                0x0000000008100480                DSI_IRQHandler
                0x0000000008100480                ETH_IRQHandler
                0x0000000008100480                TIM1_UP_IRQHandler
                0x0000000008100480                WWDG_RST_IRQHandler
                0x0000000008100480                BDMA_Channel4_IRQHandler
                0x0000000008100480                OTG_HS_EP1_OUT_IRQHandler
                0x0000000008100480                WWDG_IRQHandler
                0x0000000008100480                SPI6_IRQHandler
                0x0000000008100480                MDIOS_IRQHandler
                0x0000000008100480                I2C4_EV_IRQHandler
                0x0000000008100480                FDCAN2_IT0_IRQHandler
                0x0000000008100480                LPUART1_IRQHandler
                0x0000000008100480                FDCAN1_IT0_IRQHandler
                0x0000000008100480                TIM2_IRQHandler
                0x0000000008100480                OTG_FS_WKUP_IRQHandler
                0x0000000008100480                OTG_HS_IRQHandler
                0x0000000008100480                HSEM2_IRQHandler
                0x0000000008100480                DMA2D_IRQHandler
                0x0000000008100480                TIM1_BRK_IRQHandler
                0x0000000008100480                EXTI1_IRQHandler
                0x0000000008100480                SDMMC2_IRQHandler
                0x0000000008100480                OTG_FS_EP1_OUT_IRQHandler
                0x0000000008100480                BDMA_Channel3_IRQHandler
                0x0000000008100480                HOLD_CORE_IRQHandler
                0x0000000008100480                UART7_IRQHandler
                0x0000000008100480                MDIOS_WKUP_IRQHandler
                0x0000000008100480                USART2_IRQHandler
                0x0000000008100480                DFSDM1_FLT0_IRQHandler
                0x0000000008100480                SAI4_IRQHandler
                0x0000000008100480                I2C2_ER_IRQHandler
                0x0000000008100480                DMA2_Stream1_IRQHandler
                0x0000000008100480                FLASH_IRQHandler
                0x0000000008100480                DMA2_Stream4_IRQHandler
                0x0000000008100480                USART1_IRQHandler
                0x0000000008100480                OTG_FS_IRQHandler
                0x0000000008100480                SPI3_IRQHandler
                0x0000000008100480                WAKEUP_PIN_IRQHandler
                0x0000000008100480                DMA1_Stream4_IRQHandler
                0x0000000008100480                OTG_FS_EP1_IN_IRQHandler
                0x0000000008100480                I2C1_ER_IRQHandler
                0x0000000008100480                FMC_IRQHandler
                0x0000000008100480                FDCAN_CAL_IRQHandler
                0x0000000008100480                SWPMI1_IRQHandler
                0x0000000008100480                COMP1_IRQHandler
                0x0000000008100480                LPTIM1_IRQHandler
                0x0000000008100480                I2C4_ER_IRQHandler
                0x0000000008100480                DMA2_Stream6_IRQHandler
                0x0000000008100480                SAI1_IRQHandler
                0x0000000008100480                DMA1_Stream3_IRQHandler
 *fill*         0x0000000008100482        0x2 
 .text.SystemInit
                0x0000000008100484       0x30 ./Drivers/CMSIS/system_stm32h7xx_dualcore_boot_cm4_cm7.o
                0x0000000008100484                SystemInit
 .text.HAL_Init
                0x00000000081004b4       0xbc ./Drivers/STM32H7xx_HAL_Driver/stm32h7xx_hal.o
                0x00000000081004b4                HAL_Init
 .text.HAL_InitTick
                0x0000000008100570       0x6c ./Drivers/STM32H7xx_HAL_Driver/stm32h7xx_hal.o
                0x0000000008100570                HAL_InitTick
 .text.HAL_IncTick
                0x00000000081005dc       0x28 ./Drivers/STM32H7xx_HAL_Driver/stm32h7xx_hal.o
                0x00000000081005dc                HAL_IncTick
 .text.__NVIC_SetPriorityGrouping
                0x0000000008100604       0x48 ./Drivers/STM32H7xx_HAL_Driver/stm32h7xx_hal_cortex.o
 .text.__NVIC_GetPriorityGrouping
                0x000000000810064c       0x1c ./Drivers/STM32H7xx_HAL_Driver/stm32h7xx_hal_cortex.o
 .text.__NVIC_SetPriority
                0x0000000008100668       0x54 ./Drivers/STM32H7xx_HAL_Driver/stm32h7xx_hal_cortex.o
 .text.NVIC_EncodePriority
                0x00000000081006bc       0x66 ./Drivers/STM32H7xx_HAL_Driver/stm32h7xx_hal_cortex.o
 *fill*         0x0000000008100722        0x2 
 .text.SysTick_Config
                0x0000000008100724       0x44 ./Drivers/STM32H7xx_HAL_Driver/stm32h7xx_hal_cortex.o
 .text.HAL_NVIC_SetPriorityGrouping
                0x0000000008100768       0x16 ./Drivers/STM32H7xx_HAL_Driver/stm32h7xx_hal_cortex.o
                0x0000000008100768                HAL_NVIC_SetPriorityGrouping
 .text.HAL_NVIC_SetPriority
                0x000000000810077e       0x34 ./Drivers/STM32H7xx_HAL_Driver/stm32h7xx_hal_cortex.o
                0x000000000810077e                HAL_NVIC_SetPriority
 .text.HAL_SYSTICK_Config
                0x00000000081007b2       0x18 ./Drivers/STM32H7xx_HAL_Driver/stm32h7xx_hal_cortex.o
                0x00000000081007b2                HAL_SYSTICK_Config
 *fill*         0x00000000081007ca        0x2 
 .text.HAL_GetCurrentCPUID
                0x00000000081007cc       0x28 ./Drivers/STM32H7xx_HAL_Driver/stm32h7xx_hal_cortex.o
                0x00000000081007cc                HAL_GetCurrentCPUID
 .text.HAL_HSEM_ActivateNotification
                0x00000000081007f4       0x24 ./Drivers/STM32H7xx_HAL_Driver/stm32h7xx_hal_hsem.o
                0x00000000081007f4                HAL_HSEM_ActivateNotification
 .text.HAL_PWR_ConfigPVD
                0x0000000008100818       0x8c ./Drivers/STM32H7xx_HAL_Driver/stm32h7xx_hal_pwr.o
                0x0000000008100818                HAL_PWR_ConfigPVD
 .text.HAL_PWR_EnablePVD
                0x00000000081008a4       0x20 ./Drivers/STM32H7xx_HAL_Driver/stm32h7xx_hal_pwr.o
                0x00000000081008a4                HAL_PWR_EnablePVD
 .text.HAL_PWREx_EnterSTOPMode
                0x00000000081008c4       0xf4 ./Drivers/STM32H7xx_HAL_Driver/stm32h7xx_hal_pwr_ex.o
                0x00000000081008c4                HAL_PWREx_EnterSTOPMode
 .text.HAL_PWREx_ClearPendingEvent
                0x00000000081009b8       0x1a ./Drivers/STM32H7xx_HAL_Driver/stm32h7xx_hal_pwr_ex.o
                0x00000000081009b8                HAL_PWREx_ClearPendingEvent
 *fill*         0x00000000081009d2        0x2 
 .text.HAL_RCC_GetSysClockFreq
                0x00000000081009d4      0x2f4 ./Drivers/STM32H7xx_HAL_Driver/stm32h7xx_hal_rcc.o
                0x00000000081009d4                HAL_RCC_GetSysClockFreq
 .text.__libc_init_array
                0x0000000008100cc8       0x48 C:/ST/STM32CubeIDE_1.13.1/STM32CubeIDE/plugins/com.st.stm32cube.ide.mcu.externaltools.gnu-tools-for-stm32.11.3.rel1.win32_1.1.0.202305231506/tools/bin/../lib/gcc/arm-none-eabi/11.3.1/../../../../arm-none-eabi/lib/thumb/v7e-m+fp/hard\libc_nano.a(libc_a-init.o)
                0x0000000008100cc8                __libc_init_array
 *(.glue_7)
 .glue_7        0x0000000008100d10        0x0 linker stubs
 *(.glue_7t)
 .glue_7t       0x0000000008100d10        0x0 linker stubs
 *(.eh_frame)
 .eh_frame      0x0000000008100d10        0x0 C:/ST/STM32CubeIDE_1.13.1/STM32CubeIDE/plugins/com.st.stm32cube.ide.mcu.externaltools.gnu-tools-for-stm32.11.3.rel1.win32_1.1.0.202305231506/tools/bin/../lib/gcc/arm-none-eabi/11.3.1/thumb/v7e-m+fp/hard/crtbegin.o
 *(.init)
 .init          0x0000000008100d10        0x4 C:/ST/STM32CubeIDE_1.13.1/STM32CubeIDE/plugins/com.st.stm32cube.ide.mcu.externaltools.gnu-tools-for-stm32.11.3.rel1.win32_1.1.0.202305231506/tools/bin/../lib/gcc/arm-none-eabi/11.3.1/thumb/v7e-m+fp/hard/crti.o
                0x0000000008100d10                _init
 .init          0x0000000008100d14        0x8 C:/ST/STM32CubeIDE_1.13.1/STM32CubeIDE/plugins/com.st.stm32cube.ide.mcu.externaltools.gnu-tools-for-stm32.11.3.rel1.win32_1.1.0.202305231506/tools/bin/../lib/gcc/arm-none-eabi/11.3.1/thumb/v7e-m+fp/hard/crtn.o
 *(.fini)
 .fini          0x0000000008100d1c        0x4 C:/ST/STM32CubeIDE_1.13.1/STM32CubeIDE/plugins/com.st.stm32cube.ide.mcu.externaltools.gnu-tools-for-stm32.11.3.rel1.win32_1.1.0.202305231506/tools/bin/../lib/gcc/arm-none-eabi/11.3.1/thumb/v7e-m+fp/hard/crti.o
                0x0000000008100d1c                _fini
 .fini          0x0000000008100d20        0x8 C:/ST/STM32CubeIDE_1.13.1/STM32CubeIDE/plugins/com.st.stm32cube.ide.mcu.externaltools.gnu-tools-for-stm32.11.3.rel1.win32_1.1.0.202305231506/tools/bin/../lib/gcc/arm-none-eabi/11.3.1/thumb/v7e-m+fp/hard/crtn.o
                0x0000000008100d28                . = ALIGN (0x4)
                0x0000000008100d28                _etext = .

.vfp11_veneer   0x0000000008100d28        0x0
 .vfp11_veneer  0x0000000008100d28        0x0 linker stubs

.v4_bx          0x0000000008100d28        0x0
 .v4_bx         0x0000000008100d28        0x0 linker stubs

.iplt           0x0000000008100d28        0x0
 .iplt          0x0000000008100d28        0x0 C:/ST/STM32CubeIDE_1.13.1/STM32CubeIDE/plugins/com.st.stm32cube.ide.mcu.externaltools.gnu-tools-for-stm32.11.3.rel1.win32_1.1.0.202305231506/tools/bin/../lib/gcc/arm-none-eabi/11.3.1/thumb/v7e-m+fp/hard/crtbegin.o

.rodata         0x0000000008100d28       0x10
                0x0000000008100d28                . = ALIGN (0x4)
 *(.rodata)
 *(.rodata*)
 .rodata.D1CorePrescTable
                0x0000000008100d28       0x10 ./Drivers/CMSIS/system_stm32h7xx_dualcore_boot_cm4_cm7.o
                0x0000000008100d28                D1CorePrescTable
                0x0000000008100d38                . = ALIGN (0x4)

.rel.dyn        0x0000000008100d38        0x0
 .rel.iplt      0x0000000008100d38        0x0 C:/ST/STM32CubeIDE_1.13.1/STM32CubeIDE/plugins/com.st.stm32cube.ide.mcu.externaltools.gnu-tools-for-stm32.11.3.rel1.win32_1.1.0.202305231506/tools/bin/../lib/gcc/arm-none-eabi/11.3.1/thumb/v7e-m+fp/hard/crtbegin.o

.ARM.extab
 *(.ARM.extab* .gnu.linkonce.armextab.*)

.ARM            0x0000000008100d38        0x0
                0x0000000008100d38                __exidx_start = .
 *(.ARM.exidx*)
                0x0000000008100d38                __exidx_end = .

.preinit_array  0x0000000008100d38        0x0
                0x0000000008100d38                PROVIDE (__preinit_array_start = .)
 *(.preinit_array*)
                0x0000000008100d38                PROVIDE (__preinit_array_end = .)

.init_array     0x0000000008100d38        0x4
                0x0000000008100d38                PROVIDE (__init_array_start = .)
 *(SORT_BY_NAME(.init_array.*))
 *(.init_array*)
 .init_array    0x0000000008100d38        0x4 C:/ST/STM32CubeIDE_1.13.1/STM32CubeIDE/plugins/com.st.stm32cube.ide.mcu.externaltools.gnu-tools-for-stm32.11.3.rel1.win32_1.1.0.202305231506/tools/bin/../lib/gcc/arm-none-eabi/11.3.1/thumb/v7e-m+fp/hard/crtbegin.o
                0x0000000008100d3c                PROVIDE (__init_array_end = .)

.fini_array     0x0000000008100d3c        0x4
                [!provide]                        PROVIDE (__fini_array_start = .)
 *(SORT_BY_NAME(.fini_array.*))
 *(.fini_array*)
 .fini_array    0x0000000008100d3c        0x4 C:/ST/STM32CubeIDE_1.13.1/STM32CubeIDE/plugins/com.st.stm32cube.ide.mcu.externaltools.gnu-tools-for-stm32.11.3.rel1.win32_1.1.0.202305231506/tools/bin/../lib/gcc/arm-none-eabi/11.3.1/thumb/v7e-m+fp/hard/crtbegin.o
                [!provide]                        PROVIDE (__fini_array_end = .)
                0x0000000008100d40                _sidata = LOADADDR (.data)

.data           0x0000000010000000       0x10 load address 0x0000000008100d40
                0x0000000010000000                . = ALIGN (0x4)
                0x0000000010000000                _sdata = .
 *(.data)
 *(.data*)
 .data.SystemCoreClock
                0x0000000010000000        0x4 ./Drivers/CMSIS/system_stm32h7xx_dualcore_boot_cm4_cm7.o
                0x0000000010000000                SystemCoreClock
 .data.SystemD2Clock
                0x0000000010000004        0x4 ./Drivers/CMSIS/system_stm32h7xx_dualcore_boot_cm4_cm7.o
                0x0000000010000004                SystemD2Clock
 .data.uwTickPrio
                0x0000000010000008        0x4 ./Drivers/STM32H7xx_HAL_Driver/stm32h7xx_hal.o
                0x0000000010000008                uwTickPrio
 .data.uwTickFreq
                0x000000001000000c        0x1 ./Drivers/STM32H7xx_HAL_Driver/stm32h7xx_hal.o
                0x000000001000000c                uwTickFreq
 *(.RamFunc)
 *(.RamFunc*)
                0x0000000010000010                . = ALIGN (0x4)
 *fill*         0x000000001000000d        0x3 
                0x0000000010000010                _edata = .

.igot.plt       0x0000000010000010        0x0 load address 0x0000000008100d50
 .igot.plt      0x0000000010000010        0x0 C:/ST/STM32CubeIDE_1.13.1/STM32CubeIDE/plugins/com.st.stm32cube.ide.mcu.externaltools.gnu-tools-for-stm32.11.3.rel1.win32_1.1.0.202305231506/tools/bin/../lib/gcc/arm-none-eabi/11.3.1/thumb/v7e-m+fp/hard/crtbegin.o
                0x0000000010000010                . = ALIGN (0x4)

.bss            0x0000000010000010       0x20 load address 0x0000000008100d50
                0x0000000010000010                _sbss = .
                0x0000000010000010                __bss_start__ = _sbss
 *(.bss)
 .bss           0x0000000010000010       0x1c C:/ST/STM32CubeIDE_1.13.1/STM32CubeIDE/plugins/com.st.stm32cube.ide.mcu.externaltools.gnu-tools-for-stm32.11.3.rel1.win32_1.1.0.202305231506/tools/bin/../lib/gcc/arm-none-eabi/11.3.1/thumb/v7e-m+fp/hard/crtbegin.o
 *(.bss*)
 .bss.uwTick    0x000000001000002c        0x4 ./Drivers/STM32H7xx_HAL_Driver/stm32h7xx_hal.o
                0x000000001000002c                uwTick
 *(COMMON)
                0x0000000010000030                . = ALIGN (0x4)
                0x0000000010000030                _ebss = .
                0x0000000010000030                __bss_end__ = _ebss

._user_heap_stack
                0x0000000010000030      0x200 load address 0x0000000008100d50
                0x0000000010000030                . = ALIGN (0x8)
                [!provide]                        PROVIDE (end = .)
                0x0000000010000030                PROVIDE (_end = .)
                0x0000000010000130                . = (. + _Min_Heap_Size)
 *fill*         0x0000000010000030      0x100 
                0x0000000010000230                . = (. + _Min_Stack_Size)
 *fill*         0x0000000010000130      0x100 
                0x0000000010000230                . = ALIGN (0x8)

/DISCARD/
 libc.a(*)
 libm.a(*)
 libgcc.a(*)

.ARM.attributes
                0x0000000000000000       0x30
 *(.ARM.attributes)
 .ARM.attributes
                0x0000000000000000       0x1e C:/ST/STM32CubeIDE_1.13.1/STM32CubeIDE/plugins/com.st.stm32cube.ide.mcu.externaltools.gnu-tools-for-stm32.11.3.rel1.win32_1.1.0.202305231506/tools/bin/../lib/gcc/arm-none-eabi/11.3.1/thumb/v7e-m+fp/hard/crti.o
 .ARM.attributes
                0x000000000000001e       0x34 C:/ST/STM32CubeIDE_1.13.1/STM32CubeIDE/plugins/com.st.stm32cube.ide.mcu.externaltools.gnu-tools-for-stm32.11.3.rel1.win32_1.1.0.202305231506/tools/bin/../lib/gcc/arm-none-eabi/11.3.1/thumb/v7e-m+fp/hard/crtbegin.o
 .ARM.attributes
                0x0000000000000052       0x34 ./Application/User/Core/main.o
 .ARM.attributes
                0x0000000000000086       0x34 ./Application/User/Core/mdma.o
 .ARM.attributes
                0x00000000000000ba       0x34 ./Application/User/Core/stm32h7xx_hal_msp.o
 .ARM.attributes
                0x00000000000000ee       0x34 ./Application/User/Core/stm32h7xx_it.o
 .ARM.attributes
                0x0000000000000122       0x21 ./Application/User/Startup/startup_stm32h747xihx.o
 .ARM.attributes
                0x0000000000000143       0x34 ./Drivers/CMSIS/system_stm32h7xx_dualcore_boot_cm4_cm7.o
 .ARM.attributes
                0x0000000000000177       0x34 ./Drivers/STM32H7xx_HAL_Driver/stm32h7xx_hal.o
 .ARM.attributes
                0x00000000000001ab       0x34 ./Drivers/STM32H7xx_HAL_Driver/stm32h7xx_hal_cortex.o
 .ARM.attributes
                0x00000000000001df       0x34 ./Drivers/STM32H7xx_HAL_Driver/stm32h7xx_hal_hsem.o
 .ARM.attributes
                0x0000000000000213       0x34 ./Drivers/STM32H7xx_HAL_Driver/stm32h7xx_hal_pwr.o
 .ARM.attributes
                0x0000000000000247       0x34 ./Drivers/STM32H7xx_HAL_Driver/stm32h7xx_hal_pwr_ex.o
 .ARM.attributes
                0x000000000000027b       0x34 ./Drivers/STM32H7xx_HAL_Driver/stm32h7xx_hal_rcc.o
 .ARM.attributes
                0x00000000000002af       0x34 C:/ST/STM32CubeIDE_1.13.1/STM32CubeIDE/plugins/com.st.stm32cube.ide.mcu.externaltools.gnu-tools-for-stm32.11.3.rel1.win32_1.1.0.202305231506/tools/bin/../lib/gcc/arm-none-eabi/11.3.1/../../../../arm-none-eabi/lib/thumb/v7e-m+fp/hard\libc_nano.a(libc_a-init.o)
 .ARM.attributes
                0x00000000000002e3       0x1e C:/ST/STM32CubeIDE_1.13.1/STM32CubeIDE/plugins/com.st.stm32cube.ide.mcu.externaltools.gnu-tools-for-stm32.11.3.rel1.win32_1.1.0.202305231506/tools/bin/../lib/gcc/arm-none-eabi/11.3.1/thumb/v7e-m+fp/hard/crtn.o
OUTPUT(Riverdi_101STM32H7_CM4.elf elf32-littlearm)
LOAD linker stubs
LOAD C:/ST/STM32CubeIDE_1.13.1/STM32CubeIDE/plugins/com.st.stm32cube.ide.mcu.externaltools.gnu-tools-for-stm32.11.3.rel1.win32_1.1.0.202305231506/tools/bin/../lib/gcc/arm-none-eabi/11.3.1/../../../../arm-none-eabi/lib/thumb/v7e-m+fp/hard\libc.a
LOAD C:/ST/STM32CubeIDE_1.13.1/STM32CubeIDE/plugins/com.st.stm32cube.ide.mcu.externaltools.gnu-tools-for-stm32.11.3.rel1.win32_1.1.0.202305231506/tools/bin/../lib/gcc/arm-none-eabi/11.3.1/../../../../arm-none-eabi/lib/thumb/v7e-m+fp/hard\libm.a
LOAD C:/ST/STM32CubeIDE_1.13.1/STM32CubeIDE/plugins/com.st.stm32cube.ide.mcu.externaltools.gnu-tools-for-stm32.11.3.rel1.win32_1.1.0.202305231506/tools/bin/../lib/gcc/arm-none-eabi/11.3.1/thumb/v7e-m+fp/hard\libgcc.a

.comment        0x0000000000000000       0x43
 .comment       0x0000000000000000       0x43 C:/ST/STM32CubeIDE_1.13.1/STM32CubeIDE/plugins/com.st.stm32cube.ide.mcu.externaltools.gnu-tools-for-stm32.11.3.rel1.win32_1.1.0.202305231506/tools/bin/../lib/gcc/arm-none-eabi/11.3.1/thumb/v7e-m+fp/hard/crtbegin.o
                                         0x44 (size before relaxing)
 .comment       0x0000000000000043       0x44 ./Application/User/Core/main.o
 .comment       0x0000000000000043       0x44 ./Application/User/Core/mdma.o
 .comment       0x0000000000000043       0x44 ./Application/User/Core/stm32h7xx_hal_msp.o
 .comment       0x0000000000000043       0x44 ./Application/User/Core/stm32h7xx_it.o
 .comment       0x0000000000000043       0x44 ./Drivers/CMSIS/system_stm32h7xx_dualcore_boot_cm4_cm7.o
 .comment       0x0000000000000043       0x44 ./Drivers/STM32H7xx_HAL_Driver/stm32h7xx_hal.o
 .comment       0x0000000000000043       0x44 ./Drivers/STM32H7xx_HAL_Driver/stm32h7xx_hal_cortex.o
 .comment       0x0000000000000043       0x44 ./Drivers/STM32H7xx_HAL_Driver/stm32h7xx_hal_hsem.o
 .comment       0x0000000000000043       0x44 ./Drivers/STM32H7xx_HAL_Driver/stm32h7xx_hal_pwr.o
 .comment       0x0000000000000043       0x44 ./Drivers/STM32H7xx_HAL_Driver/stm32h7xx_hal_pwr_ex.o
 .comment       0x0000000000000043       0x44 ./Drivers/STM32H7xx_HAL_Driver/stm32h7xx_hal_rcc.o

.debug_info     0x0000000000000000     0x6b7d
 .debug_info    0x0000000000000000      0x812 ./Application/User/Core/main.o
 .debug_info    0x0000000000000812      0x464 ./Application/User/Core/mdma.o
 .debug_info    0x0000000000000c76      0x4bf ./Application/User/Core/stm32h7xx_hal_msp.o
 .debug_info    0x0000000000001135      0x128 ./Application/User/Core/stm32h7xx_it.o
 .debug_info    0x000000000000125d       0x23 ./Application/User/Startup/startup_stm32h747xihx.o
 .debug_info    0x0000000000001280      0x761 ./Drivers/CMSIS/system_stm32h7xx_dualcore_boot_cm4_cm7.o
 .debug_info    0x00000000000019e1     0x17b6 ./Drivers/STM32H7xx_HAL_Driver/stm32h7xx_hal.o
 .debug_info    0x0000000000003197      0xee1 ./Drivers/STM32H7xx_HAL_Driver/stm32h7xx_hal_cortex.o
 .debug_info    0x0000000000004078      0x3d3 ./Drivers/STM32H7xx_HAL_Driver/stm32h7xx_hal_hsem.o
 .debug_info    0x000000000000444b      0x8b4 ./Drivers/STM32H7xx_HAL_Driver/stm32h7xx_hal_pwr.o
 .debug_info    0x0000000000004cff     0x1026 ./Drivers/STM32H7xx_HAL_Driver/stm32h7xx_hal_pwr_ex.o
 .debug_info    0x0000000000005d25      0xe58 ./Drivers/STM32H7xx_HAL_Driver/stm32h7xx_hal_rcc.o

.debug_abbrev   0x0000000000000000     0x147e
 .debug_abbrev  0x0000000000000000      0x1cc ./Application/User/Core/main.o
 .debug_abbrev  0x00000000000001cc       0xdb ./Application/User/Core/mdma.o
 .debug_abbrev  0x00000000000002a7      0x136 ./Application/User/Core/stm32h7xx_hal_msp.o
 .debug_abbrev  0x00000000000003dd       0x73 ./Application/User/Core/stm32h7xx_it.o
 .debug_abbrev  0x0000000000000450       0x12 ./Application/User/Startup/startup_stm32h747xihx.o
 .debug_abbrev  0x0000000000000462      0x138 ./Drivers/CMSIS/system_stm32h7xx_dualcore_boot_cm4_cm7.o
 .debug_abbrev  0x000000000000059a      0x29f ./Drivers/STM32H7xx_HAL_Driver/stm32h7xx_hal.o
 .debug_abbrev  0x0000000000000839      0x337 ./Drivers/STM32H7xx_HAL_Driver/stm32h7xx_hal_cortex.o
 .debug_abbrev  0x0000000000000b70      0x1d3 ./Drivers/STM32H7xx_HAL_Driver/stm32h7xx_hal_hsem.o
 .debug_abbrev  0x0000000000000d43      0x19d ./Drivers/STM32H7xx_HAL_Driver/stm32h7xx_hal_pwr.o
 .debug_abbrev  0x0000000000000ee0      0x2d6 ./Drivers/STM32H7xx_HAL_Driver/stm32h7xx_hal_pwr_ex.o
 .debug_abbrev  0x00000000000011b6      0x2c8 ./Drivers/STM32H7xx_HAL_Driver/stm32h7xx_hal_rcc.o

.debug_aranges  0x0000000000000000      0x740
 .debug_aranges
                0x0000000000000000       0x28 ./Application/User/Core/main.o
 .debug_aranges
                0x0000000000000028       0x20 ./Application/User/Core/mdma.o
 .debug_aranges
                0x0000000000000048       0x20 ./Application/User/Core/stm32h7xx_hal_msp.o
 .debug_aranges
                0x0000000000000068       0x60 ./Application/User/Core/stm32h7xx_it.o
 .debug_aranges
                0x00000000000000c8       0x28 ./Application/User/Startup/startup_stm32h747xihx.o
 .debug_aranges
                0x00000000000000f0       0x28 ./Drivers/CMSIS/system_stm32h7xx_dualcore_boot_cm4_cm7.o
 .debug_aranges
                0x0000000000000118      0x200 ./Drivers/STM32H7xx_HAL_Driver/stm32h7xx_hal.o
 .debug_aranges
                0x0000000000000318      0x120 ./Drivers/STM32H7xx_HAL_Driver/stm32h7xx_hal_cortex.o
 .debug_aranges
                0x0000000000000438       0x70 ./Drivers/STM32H7xx_HAL_Driver/stm32h7xx_hal_hsem.o
 .debug_aranges
                0x00000000000004a8       0xa0 ./Drivers/STM32H7xx_HAL_Driver/stm32h7xx_hal_pwr.o
 .debug_aranges
                0x0000000000000548      0x170 ./Drivers/STM32H7xx_HAL_Driver/stm32h7xx_hal_pwr_ex.o
 .debug_aranges
                0x00000000000006b8       0x88 ./Drivers/STM32H7xx_HAL_Driver/stm32h7xx_hal_rcc.o

.debug_rnglists
                0x0000000000000000      0x54e
 .debug_rnglists
                0x0000000000000000       0x1a ./Application/User/Core/main.o
 .debug_rnglists
                0x000000000000001a       0x13 ./Application/User/Core/mdma.o
 .debug_rnglists
                0x000000000000002d       0x13 ./Application/User/Core/stm32h7xx_hal_msp.o
 .debug_rnglists
                0x0000000000000040       0x43 ./Application/User/Core/stm32h7xx_it.o
 .debug_rnglists
                0x0000000000000083       0x19 ./Application/User/Startup/startup_stm32h747xihx.o
 .debug_rnglists
                0x000000000000009c       0x1a ./Drivers/CMSIS/system_stm32h7xx_dualcore_boot_cm4_cm7.o
 .debug_rnglists
                0x00000000000000b6      0x181 ./Drivers/STM32H7xx_HAL_Driver/stm32h7xx_hal.o
 .debug_rnglists
                0x0000000000000237       0xd4 ./Drivers/STM32H7xx_HAL_Driver/stm32h7xx_hal_cortex.o
 .debug_rnglists
                0x000000000000030b       0x4f ./Drivers/STM32H7xx_HAL_Driver/stm32h7xx_hal_hsem.o
 .debug_rnglists
                0x000000000000035a       0x75 ./Drivers/STM32H7xx_HAL_Driver/stm32h7xx_hal_pwr.o
 .debug_rnglists
                0x00000000000003cf      0x117 ./Drivers/STM32H7xx_HAL_Driver/stm32h7xx_hal_pwr_ex.o
 .debug_rnglists
                0x00000000000004e6       0x68 ./Drivers/STM32H7xx_HAL_Driver/stm32h7xx_hal_rcc.o

.debug_macro    0x0000000000000000    0x3dc82
 .debug_macro   0x0000000000000000      0x2b9 ./Application/User/Core/main.o
 .debug_macro   0x00000000000002b9      0xaae ./Application/User/Core/main.o
 .debug_macro   0x0000000000000d67      0x232 ./Application/User/Core/main.o
 .debug_macro   0x0000000000000f99       0x2e ./Application/User/Core/main.o
 .debug_macro   0x0000000000000fc7       0x3b ./Application/User/Core/main.o
 .debug_macro   0x0000000000001002       0x22 ./Application/User/Core/main.o
 .debug_macro   0x0000000000001024       0x8e ./Application/User/Core/main.o
 .debug_macro   0x00000000000010b2       0x51 ./Application/User/Core/main.o
 .debug_macro   0x0000000000001103      0x103 ./Application/User/Core/main.o
 .debug_macro   0x0000000000001206       0x6a ./Application/User/Core/main.o
 .debug_macro   0x0000000000001270      0x1df ./Application/User/Core/main.o
 .debug_macro   0x000000000000144f       0x1c ./Application/User/Core/main.o
 .debug_macro   0x000000000000146b       0x22 ./Application/User/Core/main.o
 .debug_macro   0x000000000000148d       0xfb ./Application/User/Core/main.o
 .debug_macro   0x0000000000001588     0x1011 ./Application/User/Core/main.o
 .debug_macro   0x0000000000002599      0x11f ./Application/User/Core/main.o
 .debug_macro   0x00000000000026b8    0x2c717 ./Application/User/Core/main.o
 .debug_macro   0x000000000002edcf       0x6d ./Application/User/Core/main.o
 .debug_macro   0x000000000002ee3c     0x3d5d ./Application/User/Core/main.o
 .debug_macro   0x0000000000032b99      0x174 ./Application/User/Core/main.o
 .debug_macro   0x0000000000032d0d       0x61 ./Application/User/Core/main.o
 .debug_macro   0x0000000000032d6e       0x2a ./Application/User/Core/main.o
 .debug_macro   0x0000000000032d98       0x43 ./Application/User/Core/main.o
 .debug_macro   0x0000000000032ddb       0x34 ./Application/User/Core/main.o
 .debug_macro   0x0000000000032e0f       0x16 ./Application/User/Core/main.o
 .debug_macro   0x0000000000032e25       0x43 ./Application/User/Core/main.o
 .debug_macro   0x0000000000032e68       0x34 ./Application/User/Core/main.o
 .debug_macro   0x0000000000032e9c       0x10 ./Application/User/Core/main.o
 .debug_macro   0x0000000000032eac       0x58 ./Application/User/Core/main.o
 .debug_macro   0x0000000000032f04       0x8e ./Application/User/Core/main.o
 .debug_macro   0x0000000000032f92       0x1c ./Application/User/Core/main.o
 .debug_macro   0x0000000000032fae      0x177 ./Application/User/Core/main.o
 .debug_macro   0x0000000000033125      0x369 ./Application/User/Core/main.o
 .debug_macro   0x000000000003348e      0x19b ./Application/User/Core/main.o
 .debug_macro   0x0000000000033629       0x5d ./Application/User/Core/main.o
 .debug_macro   0x0000000000033686     0x3ae3 ./Application/User/Core/main.o
 .debug_macro   0x0000000000037169     0x1095 ./Application/User/Core/main.o
 .debug_macro   0x00000000000381fe      0x154 ./Application/User/Core/main.o
 .debug_macro   0x0000000000038352      0x130 ./Application/User/Core/main.o
 .debug_macro   0x0000000000038482      0x3c5 ./Application/User/Core/main.o
 .debug_macro   0x0000000000038847       0xac ./Application/User/Core/main.o
 .debug_macro   0x00000000000388f3      0x72d ./Application/User/Core/main.o
 .debug_macro   0x0000000000039020      0x228 ./Application/User/Core/main.o
 .debug_macro   0x0000000000039248       0x66 ./Application/User/Core/main.o
 .debug_macro   0x00000000000392ae      0x3c9 ./Application/User/Core/main.o
 .debug_macro   0x0000000000039677      0xa95 ./Application/User/Core/main.o
 .debug_macro   0x000000000003a10c      0x129 ./Application/User/Core/main.o
 .debug_macro   0x000000000003a235      0x407 ./Application/User/Core/main.o
 .debug_macro   0x000000000003a63c      0x244 ./Application/User/Core/main.o
 .debug_macro   0x000000000003a880      0x3ca ./Application/User/Core/main.o
 .debug_macro   0x000000000003ac4a      0x4a2 ./Application/User/Core/main.o
 .debug_macro   0x000000000003b0ec       0x51 ./Application/User/Core/main.o
 .debug_macro   0x000000000003b13d       0x4a ./Application/User/Core/main.o
 .debug_macro   0x000000000003b187      0x22c ./Application/User/Core/main.o
 .debug_macro   0x000000000003b3b3       0x67 ./Application/User/Core/main.o
 .debug_macro   0x000000000003b41a       0xa5 ./Application/User/Core/main.o
 .debug_macro   0x000000000003b4bf      0x218 ./Application/User/Core/main.o
 .debug_macro   0x000000000003b6d7      0x2ea ./Application/User/Core/main.o
 .debug_macro   0x000000000003b9c1       0x35 ./Application/User/Core/main.o
 .debug_macro   0x000000000003b9f6      0x798 ./Application/User/Core/main.o
 .debug_macro   0x000000000003c18e       0x28 ./Application/User/Core/main.o
 .debug_macro   0x000000000003c1b6      0x2af ./Application/User/Core/mdma.o
 .debug_macro   0x000000000003c465      0x2a5 ./Application/User/Core/stm32h7xx_hal_msp.o
 .debug_macro   0x000000000003c70a      0x2af ./Application/User/Core/stm32h7xx_it.o
 .debug_macro   0x000000000003c9b9      0x296 ./Drivers/CMSIS/system_stm32h7xx_dualcore_boot_cm4_cm7.o
 .debug_macro   0x000000000003cc4f      0x2c0 ./Drivers/STM32H7xx_HAL_Driver/stm32h7xx_hal.o
 .debug_macro   0x000000000003cf0f      0x296 ./Drivers/STM32H7xx_HAL_Driver/stm32h7xx_hal_cortex.o
 .debug_macro   0x000000000003d1a5      0x2a8 ./Drivers/STM32H7xx_HAL_Driver/stm32h7xx_hal_hsem.o
 .debug_macro   0x000000000003d44d      0x2ac ./Drivers/STM32H7xx_HAL_Driver/stm32h7xx_hal_pwr.o
 .debug_macro   0x000000000003d6f9      0x2cf ./Drivers/STM32H7xx_HAL_Driver/stm32h7xx_hal_pwr_ex.o
 .debug_macro   0x000000000003d9c8      0x2ba ./Drivers/STM32H7xx_HAL_Driver/stm32h7xx_hal_rcc.o

.debug_line     0x0000000000000000     0x88b1
 .debug_line    0x0000000000000000      0x92c ./Application/User/Core/main.o
 .debug_line    0x000000000000092c      0x8ea ./Application/User/Core/mdma.o
 .debug_line    0x0000000000001216      0x8fb ./Application/User/Core/stm32h7xx_hal_msp.o
 .debug_line    0x0000000000001b11      0x9b1 ./Application/User/Core/stm32h7xx_it.o
 .debug_line    0x00000000000024c2       0x7a ./Application/User/Startup/startup_stm32h747xihx.o
 .debug_line    0x000000000000253c      0xa39 ./Drivers/CMSIS/system_stm32h7xx_dualcore_boot_cm4_cm7.o
 .debug_line    0x0000000000002f75      0xff7 ./Drivers/STM32H7xx_HAL_Driver/stm32h7xx_hal.o
 .debug_line    0x0000000000003f6c      0xeaa ./Drivers/STM32H7xx_HAL_Driver/stm32h7xx_hal_cortex.o
 .debug_line    0x0000000000004e16      0xa5a ./Drivers/STM32H7xx_HAL_Driver/stm32h7xx_hal_hsem.o
 .debug_line    0x0000000000005870      0xb14 ./Drivers/STM32H7xx_HAL_Driver/stm32h7xx_hal_pwr.o
 .debug_line    0x0000000000006384     0x10c5 ./Drivers/STM32H7xx_HAL_Driver/stm32h7xx_hal_pwr_ex.o
 .debug_line    0x0000000000007449     0x1468 ./Drivers/STM32H7xx_HAL_Driver/stm32h7xx_hal_rcc.o

.debug_str      0x0000000000000000   0x18f57f
 .debug_str     0x0000000000000000   0x18cc07 ./Application/User/Core/main.o
                                     0x18d059 (size before relaxing)
 .debug_str     0x000000000018cc07       0x38 ./Application/User/Core/mdma.o
                                     0x18ced9 (size before relaxing)
 .debug_str     0x000000000018cc3f       0x86 ./Application/User/Core/stm32h7xx_hal_msp.o
                                     0x18cf27 (size before relaxing)
 .debug_str     0x000000000018ccc5       0xee ./Application/User/Core/stm32h7xx_it.o
                                     0x18cd3a (size before relaxing)
 .debug_str     0x000000000018cdb3       0x40 ./Application/User/Startup/startup_stm32h747xihx.o
                                         0x7b (size before relaxing)
 .debug_str     0x000000000018cdf3       0xf9 ./Drivers/CMSIS/system_stm32h7xx_dualcore_boot_cm4_cm7.o
                                     0x18cf5d (size before relaxing)
 .debug_str     0x000000000018ceec     0x12b7 ./Drivers/STM32H7xx_HAL_Driver/stm32h7xx_hal.o
                                     0x18e2cd (size before relaxing)
 .debug_str     0x000000000018e1a3      0x391 ./Drivers/STM32H7xx_HAL_Driver/stm32h7xx_hal_cortex.o
                                     0x18da1b (size before relaxing)
 .debug_str     0x000000000018e534      0x1c4 ./Drivers/STM32H7xx_HAL_Driver/stm32h7xx_hal_hsem.o
                                     0x18ce3d (size before relaxing)
 .debug_str     0x000000000018e6f8      0x28e ./Drivers/STM32H7xx_HAL_Driver/stm32h7xx_hal_pwr.o
                                     0x18d082 (size before relaxing)
 .debug_str     0x000000000018e986      0x656 ./Drivers/STM32H7xx_HAL_Driver/stm32h7xx_hal_pwr_ex.o
                                     0x18d608 (size before relaxing)
 .debug_str     0x000000000018efdc      0x5a3 ./Drivers/STM32H7xx_HAL_Driver/stm32h7xx_hal_rcc.o
                                     0x18d533 (size before relaxing)

.debug_frame    0x0000000000000000     0x1b28
 .debug_frame   0x0000000000000000       0x48 ./Application/User/Core/main.o
 .debug_frame   0x0000000000000048       0x38 ./Application/User/Core/mdma.o
 .debug_frame   0x0000000000000080       0x34 ./Application/User/Core/stm32h7xx_hal_msp.o
 .debug_frame   0x00000000000000b4      0x104 ./Application/User/Core/stm32h7xx_it.o
 .debug_frame   0x00000000000001b8       0x58 ./Drivers/CMSIS/system_stm32h7xx_dualcore_boot_cm4_cm7.o
 .debug_frame   0x0000000000000210      0x848 ./Drivers/STM32H7xx_HAL_Driver/stm32h7xx_hal.o
 .debug_frame   0x0000000000000a58      0x4b8 ./Drivers/STM32H7xx_HAL_Driver/stm32h7xx_hal_cortex.o
 .debug_frame   0x0000000000000f10      0x1bc ./Drivers/STM32H7xx_HAL_Driver/stm32h7xx_hal_hsem.o
 .debug_frame   0x00000000000010cc      0x24c ./Drivers/STM32H7xx_HAL_Driver/stm32h7xx_hal_pwr.o
 .debug_frame   0x0000000000001318      0x5ec ./Drivers/STM32H7xx_HAL_Driver/stm32h7xx_hal_pwr_ex.o
 .debug_frame   0x0000000000001904      0x1f8 ./Drivers/STM32H7xx_HAL_Driver/stm32h7xx_hal_rcc.o
 .debug_frame   0x0000000000001afc       0x2c C:/ST/STM32CubeIDE_1.13.1/STM32CubeIDE/plugins/com.st.stm32cube.ide.mcu.externaltools.gnu-tools-for-stm32.11.3.rel1.win32_1.1.0.202305231506/tools/bin/../lib/gcc/arm-none-eabi/11.3.1/../../../../arm-none-eabi/lib/thumb/v7e-m+fp/hard\libc_nano.a(libc_a-init.o)

.debug_line_str
                0x0000000000000000       0x6f
 .debug_line_str
                0x0000000000000000       0x6f ./Application/User/Startup/startup_stm32h747xihx.o
                                         0x87 (size before relaxing)
